HI-TECH Software C Compiler 

Linker command line:

--edf=C:\Program Files (x86)\HI-TECH Software\PICC\9.80\dat\en_msgs.txt -cs \
  -h+I2C_Multi_slave.sym -z -Q16F877A -ol.obj -MI2C_Multi_slave.map -E1 \
  -ACONST=00h-0FFhx32 -ACODE=00h-07FFhx4 -ASTRCODE=00h-01FFFh \
  -AENTRY=00h-0FFhx32 -ASTRING=00h-0FFhx32 -ABANK0=020h-06Fh \
  -ABANK1=0A0h-0EFh -ABANK2=0110h-016Fh -ABANK3=0190h-01EFh \
  -ARAM=020h-06Fh,0A0h-0EFh,0110h-016Fh,0190h-01EFh \
  -AABS1=020h-07Fh,0A0h-0EFh,0110h-016Fh,0190h-01EFh -ACOMMON=070h-07Fh \
  -ASFR0=00h-01Fh -ASFR1=080h-09Fh -ASFR2=0100h-010Fh -ASFR3=0180h-018Fh \
  -preset_vec=00h,intentry,init,end_init -ppowerup=CODE -pfunctab=CODE \
  -ACONFIG=02007h-02007h -pconfig=CONFIG -DCONFIG=2 -AIDLOC=02000h-02003h \
  -pidloc=IDLOC -DIDLOC=2 -AEEDATA=00h-0FFh/02100h -peeprom_data=EEDATA \
  -DEEDATA=2 -DCODE=2 -DSTRCODE=2 -DSTRING=2 -DCONST=2 -DENTRY=2 -k \
  startup.obj I2C_Multi_slave.obj 

Object code version is 3.10

Machine type is 16F877A



                Name                               Link     Load   Length Selector   Space Scale
startup.obj     end_init                              0        0        3        0       0
I2C_Multi_slave.obj
                text132                             6D2      6D2        C      DA4       0
                text131                             6B1      6B1        B      D62       0
                text130                             6BC      6BC        B      D78       0
                text129                             6C7      6C7        B      D8E       0
                text128                             748      748       5C      E90       0
                text127                             7A4      7A4       5C      F48       0
                text126                             6DE      6DE       19      DBC       0
                text125                             6F7      6F7       21      DEE       0
                maintext                            718      718       30      E30       0
                cstackCOMMON                         70       70        9       70       1
                bssCOMMON                            79       79        4       70       1
                cinit                               6A9      6A9        8      D52       0
                strings                               3        3        D        6       0

TOTAL           Name                               Link     Load   Length     Space
        CLASS   CONST          

        CLASS   CODE           
                end_init                              0        0        3         0
                text132                             6D2      6D2        C         0
                text131                             6B1      6B1        B         0
                text130                             6BC      6BC        B         0
                text129                             6C7      6C7        B         0
                text128                             748      748       5C         0
                text127                             7A4      7A4       5C         0
                text126                             6DE      6DE       19         0
                text125                             6F7      6F7       21         0
                maintext                            718      718       30         0
                cinit                               6A9      6A9        8         0

        CLASS   STRCODE        

        CLASS   ENTRY          

        CLASS   STRING         
                strings                               3        3        D         0

        CLASS   BANK0          

        CLASS   BANK1          

        CLASS   BANK2          

        CLASS   BANK3          

        CLASS   RAM            

        CLASS   ABS1           
                abs_s1                               7E       7E        2         1

        CLASS   COMMON         
                cstackCOMMON                         70       70        9         1
                bssCOMMON                            79       79        4         1

        CLASS   SFR0           

        CLASS   SFR1           

        CLASS   SFR2           

        CLASS   SFR3           

        CLASS   CONFIG         

        CLASS   IDLOC          

        CLASS   EEDATA         



SEGMENTS        Name                           Load    Length   Top    Selector   Space  Class     Delta

                reset_vec                      000000  000003  000003         0       0  CODE        2
                strings                        000003  00000D  000010         6       0  STRING      2
                cstackCOMMON                   000070  00000D  00007D        70       1  COMMON      1
                cinit                          0006A9  000008  0006B1       D52       0  CODE        2
                text131                        0006B1  00000B  0006BC       D62       0  CODE        2
                text130                        0006BC  00000B  0006C7       D78       0  CODE        2
                text129                        0006C7  00000B  0006D2       D8E       0  CODE        2
                text132                        0006D2  00000C  0006DE       DA4       0  CODE        2
                text126                        0006DE  000019  0006F7       DBC       0  CODE        2
                text125                        0006F7  000021  000718       DEE       0  CODE        2
                maintext                       000718  000030  000748       E30       0  CODE        2
                text128                        000748  00005C  0007A4       E90       0  CODE        2
                text127                        0007A4  00005C  000800       F48       0  CODE        2


UNUSED ADDRESS RANGES

        Name                Unused          Largest block    Delta
        BANK0            0020-006F             50           1
        BANK1            00A0-00EF             50           1
        BANK2            0110-016F             60           1
        BANK3            0190-01EF             60           1
        CODE             0010-06A8            699           2
                         0800-1FFF            800
        COMMON           007D-007D              1           1
        CONFIG           2007-2007              1           2
        CONST            0010-06A8            100           2
                         0800-1FFF            100
        EEDATA           2100-21FF            100           2
        ENTRY            0010-06A8            100           2
                         0800-1FFF            100
        IDLOC            2000-2003              4           2
        RAM              0020-006F             50           1
                         00A0-00EF             50
                         0110-016F             60
                         0190-01EF             60
        SFR0             0000-001F             20           1
        SFR1             0080-009F             20           1
        SFR2             0100-010F             10           1
        SFR3             0180-018F             10           1
        STRCODE          0010-06A8            699           2
                         0800-1FFF           1800
        STRING           0010-06A8            100           2
                         0800-1FFF            100

                                  Symbol Table

??_I2C_Master_start        cstackCOMMON 0070
??_I2C_Master_stop         cstackCOMMON 0070
??_I2C_Master_write        cstackCOMMON 0072
??_I2C_init                cstackCOMMON 0074
??_lcd_init                cstackCOMMON 0077
??_lcd_send_cmd            cstackCOMMON 0072
??_lcd_send_data           cstackCOMMON 0072
??_lcd_send_string         cstackCOMMON 0077
??_main                    cstackCOMMON 0079
?_I2C_Master_start         cstackCOMMON 0070
?_I2C_Master_stop          cstackCOMMON 0070
?_I2C_Master_write         cstackCOMMON 0070
?_I2C_init                 cstackCOMMON 0070
?_lcd_init                 cstackCOMMON 0070
?_lcd_send_cmd             cstackCOMMON 0070
?_lcd_send_data            cstackCOMMON 0070
?_lcd_send_string          cstackCOMMON 0070
?_main                     cstackCOMMON 0070
I2C_Master_write@data      cstackCOMMON 0070
_ACKDT                     (abs)        048D
_ACKEN                     (abs)        048C
_I2C_Master_start          text131      06B1
_I2C_Master_stop           text129      06C7
_I2C_Master_write          text130      06BC
_I2C_init                  text132      06D2
_PEN                       (abs)        048A
_PORTB                     (abs)        0006
_PORTC                     (abs)        0007
_PORTD                     (abs)        0008
_RCEN                      (abs)        048B
_RSEN                      (abs)        0489
_SEN                       (abs)        0488
_SSPADD                    (abs)        0093
_SSPBUF                    (abs)        0013
_SSPCON                    (abs)        0014
_SSPIF                     (abs)        0063
_SSPSTAT                   (abs)        0094
_TRISB                     (abs)        0086
_TRISC                     (abs)        0087
_TRISD                     (abs)        0088
__Habs1                    abs1         0000
__Hbank0                   bank0        0000
__Hbank1                   bank1        0000
__Hbank2                   bank2        0000
__Hbank3                   bank3        0000
__HbssCOMMON               bssCOMMON    0000
__Hcinit                   cinit        0000
__Hclrtext                 clrtext      0000
__Hcode                    code         0000
__Hcommon                  common       0000
__Hconfig                  config       0000
__HcstackCOMMON            cstackCOMMON 0000
__Heeprom_data             eeprom_data  0000
__Hend_init                end_init     0003
__Hfunctab                 functab      0000
__Hidloc                   idloc        0000
__Hinit                    init         0000
__Hintentry                intentry     0000
__Hmaintext                maintext     0000
__Hpowerup                 powerup      0000
__Hram                     ram          0000
__Hreset_vec               reset_vec    0000
__Hsfr0                    sfr0         0000
__Hsfr1                    sfr1         0000
__Hsfr2                    sfr2         0000
__Hsfr3                    sfr3         0000
__Hstrings                 strings      0000
__Htext                    text         0000
__Labs1                    abs1         0000
__Lbank0                   bank0        0000
__Lbank1                   bank1        0000
__Lbank2                   bank2        0000
__Lbank3                   bank3        0000
__LbssCOMMON               bssCOMMON    0000
__Lcinit                   cinit        0000
__Lclrtext                 clrtext      0000
__Lcode                    code         0000
__Lcommon                  common       0000
__Lconfig                  config       0000
__LcstackCOMMON            cstackCOMMON 0000
__Leeprom_data             eeprom_data  0000
__Lend_init                end_init     0000
__Lfunctab                 functab      0000
__Lidloc                   idloc        0000
__Linit                    init         0000
__Lintentry                intentry     0000
__Lmaintext                maintext     0000
__Lpowerup                 powerup      0000
__Lram                     ram          0000
__Lreset_vec               reset_vec    0000
__Lsfr0                    sfr0         0000
__Lsfr1                    sfr1         0000
__Lsfr2                    sfr2         0000
__Lsfr3                    sfr3         0000
__Lstrings                 strings      0000
__Ltext                    text         0000
__S0                       (abs)        0800
__S1                       (abs)        007D
__S2                       (abs)        0000
__end_of_I2C_Master_start  text131      06BC
__end_of_I2C_Master_stop   text129      06D2
__end_of_I2C_Master_write  text130      06C7
__end_of_I2C_init          text132      06DE
__end_of_lcd_init          text126      06F7
__end_of_lcd_send_cmd      text128      07A4
__end_of_lcd_send_data     text127      0800
__end_of_lcd_send_string   text125      0718
__end_of_main              maintext     0748
__pbssCOMMON               bssCOMMON    0079
__pcstackCOMMON            cstackCOMMON 0070
__pmaintext                maintext     0718
__pstrings                 strings      0003
__ptext124                 text124      0000
__ptext125                 text125      06F7
__ptext126                 text126      06DE
__ptext127                 text127      07A4
__ptext128                 text128      0748
__ptext129                 text129      06C7
__ptext130                 text130      06BC
__ptext131                 text131      06B1
__ptext132                 text132      06D2
__ptext133                 text133      0000
__size_of_I2C_Master_start (abs)        0000
__size_of_I2C_Master_stop  (abs)        0000
__size_of_I2C_Master_write (abs)        0000
__size_of_I2C_init         (abs)        0000
__size_of_lcd_init         (abs)        0000
__size_of_lcd_send_cmd     (abs)        0000
__size_of_lcd_send_data    (abs)        0000
__size_of_lcd_send_string  (abs)        0000
__size_of_main             (abs)        0000
_a                         bssCOMMON    0079
_exit                      init         0000
_lcd_init                  text126      06DE
_lcd_send_cmd              text128      0748
_lcd_send_data             text127      07A4
_lcd_send_string           text125      06F7
_main                      maintext     0718
_sum                       bssCOMMON    007B
btemp                      (abs)        007E
end_of_initialization      cinit        06AD
intlevel0                  functab      0000
intlevel1                  functab      0000
intlevel2                  functab      0000
intlevel3                  functab      0000
intlevel4                  functab      0000
intlevel5                  functab      0000
lcd_send_cmd@data          cstackCOMMON 0074
lcd_send_cmd@data_l        cstackCOMMON 0075
lcd_send_cmd@data_u        cstackCOMMON 0076
lcd_send_data@data         cstackCOMMON 0074
lcd_send_data@data_l       cstackCOMMON 0075
lcd_send_data@data_u       cstackCOMMON 0076
lcd_send_string@str        cstackCOMMON 0078
reset_vec                  reset_vec    0000
start                      init         0000
start_initialization       cinit        06A9
wtemp0                     (abs)        007E
